[backblue.gif]
[fade.gif]
[index.html]
[www.storiesinfabric.com/index.html]
[www.storiesinfabric.com/misc/favicon.ico]
[www.storiesinfabric.com/sites/default/files/css/2d2dbd407b9c556f298536785aa7750e.css]
[www.storiesinfabric.com/sites/default/files/js/d9a9e171a4a13a341a0692ec71fbcc4b.js]
[www.storiesinfabric.com/content/home.html]
[www.storiesinfabric.com/ArtGallery.html]
[storiesinfabric.com/sites/default/files/ToughSledding.jpg]
[www.storiesinfabric.com/content/workshops.html]
[www.storiesinfabric.com/misc/tree.png]
[www.storiesinfabric.com/misc/tree-bottom.png]
[www.storiesinfabric.com/content/artist.html]
[www.storiesinfabric.com/misc/throbber.gif]
[www.storiesinfabric.com/misc/menu-expanded.png]
[www.storiesinfabric.com/contact.html]
[www.storiesinfabric.com/misc/menu-collapsed.png]
[www.storiesinfabric.com/misc/grippie.png]
[www.storiesinfabric.com/misc/draggable.png]
[www.storiesinfabric.com/misc/progress.gif]
[www.storiesinfabric.com/misc/menu-leaf.png]
[www.storiesinfabric.com/themes/foundation/images/main2bg.jpg]
[www.storiesinfabric.com/themes/foundation/images/footerbg.gif]
[www.storiesinfabric.com/themes/foundation/images/largebg.jpg]
[www.storiesinfabric.com/themes/foundation/images/bodybg.jpg]
[www.storiesinfabric.com/themes/foundation/images/bg.jpg]
[storiesinfabric.com/sites/default/files/Tough Sledding_0.jpg]
[www.storiesinfabric.com/content/color-series.html]
[storiesinfabric.com/sites/default/files/Moonlight_0.jpg]
[www.storiesinfabric.com/content/small-works.html]
[storiesinfabric.com/sites/default/files/The Caucas Race_0.jpg]
[www.storiesinfabric.com/content/politics.html]
[storiesinfabric.com/sites/default/files/Reflection_0.jpg]
[www.storiesinfabric.com/content/soul-reflections.html]
[storiesinfabric.com/sites/default/files/New York_0.jpg]
[www.storiesinfabric.com/content/commissions.html]
[storiesinfabric.com/sites/default/files/Hearth-Home_0_0.jpg]
[www.storiesinfabric.com/content/hearth-and-home-0.html]
[storiesinfabric.com/sites/default/files/imagecache/shrink/Class1.jpg]
[www.storiesinfabric.com/content/houston-2008-1.html]
[storiesinfabric.com/sites/default/files/imagecache/shrink/class2_2.jpg]
[www.storiesinfabric.com/content/houston-2008-2.html]
[storiesinfabric.com/sites/default/files/imagecache/shrink/class4.jpg]
[www.storiesinfabric.com/content/houston-2008-3.html]
[storiesinfabric.com/sites/default/files/imagecache/shrink/class6.jpg]
[www.storiesinfabric.com/content/houston-2008-4.html]
[storiesinfabric.com/sites/default/files/imagecache/shrink/class3.jpg]
[www.storiesinfabric.com/content/houston-2008-5.html]
[storiesinfabric.com/sites/default/files/imagecache/shrink/class12.jpg]
[storiesinfabric.com/sites/default/files/momandme.jpg]
[storiesinfabric.com/sites/default/files/class12.jpg]
[www.storiesinfabric.com/content/houston-2008-6.html]
[www.storiesinfabric.com/sites/default/files/js/d0cde2840aaad4024a266b247f5cfb6b.js]
[storiesinfabric.com/sites/default/files/imagecache/shrink/Exuberance.jpg]
[www.storiesinfabric.com/content/exuberance.html]
[storiesinfabric.com/sites/default/files/imagecache/shrink/Midsummer's Nightdress.jpg]
[www.storiesinfabric.com/content/midsummers-nightdress.html]
[storiesinfabric.com/sites/default/files/imagecache/shrink/Firelight.jpg]
[www.storiesinfabric.com/content/firelight.html]
[storiesinfabric.com/sites/default/files/imagecache/shrink/Shades of Diversity_0.jpg]
[www.storiesinfabric.com/content/shades-diversity.html]
[storiesinfabric.com/sites/default/files/imagecache/shrink/Tough Sledding.jpg]
[storiesinfabric.com/sites/default/files/Tough Sledding.jpg]
[www.storiesinfabric.com/content/tough-sledding.html]
[storiesinfabric.com/sites/default/files/imagecache/shrink/Creating Clay Pots.jpg]
[storiesinfabric.com/sites/default/files/imagecache/shrink/Frannie's Friend.jpg]
[storiesinfabric.com/sites/default/files/Creating Clay Pots.jpg]
[www.storiesinfabric.com/content/building-clay-pots.html]
[storiesinfabric.com/sites/default/files/imagecache/shrink/Bob's Big Fish.jpg]
[storiesinfabric.com/sites/default/files/Frannie's Friend.jpg]
[www.storiesinfabric.com/content/frannies-friend.html]
[storiesinfabric.com/sites/default/files/imagecache/shrink/Annie's Choiir.jpg]
[storiesinfabric.com/sites/default/files/imagecache/shrink/Art With Tea.jpg]
[storiesinfabric.com/sites/default/files/Bob's Big Fish.jpg]
[www.storiesinfabric.com/content/bobs-big-fish.html]
[storiesinfabric.com/sites/default/files/imagecache/shrink/adamsjq04Feblover.jpg]
[storiesinfabric.com/sites/default/files/Annie's Choiir.jpg]
[www.storiesinfabric.com/content/annies-choir.html]
[storiesinfabric.com/sites/default/files/imagecache/shrink/adamsjq04marfriends.jpg]
[storiesinfabric.com/sites/default/files/imagecache/shrink/adamsjq04junedream.jpg]
[storiesinfabric.com/sites/default/files/Art With Tea.jpg]
[www.storiesinfabric.com/content/art-tea.html]
[storiesinfabric.com/sites/default/files/imagecache/shrink/adamsjq04Septpals.jpg]
[storiesinfabric.com/sites/default/files/adamsjq04Feblover.jpg]
[www.storiesinfabric.com/content/february-lover.html]
[storiesinfabric.com/sites/default/files/imagecache/shrink/adamsjq04dechome.jpg]
[storiesinfabric.com/sites/default/files/imagecache/shrink/Tie Study 1.jpg]
[storiesinfabric.com/sites/default/files/adamsjq04marfriends.jpg]
[www.storiesinfabric.com/content/march-friends.html]
[storiesinfabric.com/sites/default/files/imagecache/shrink/Tie Study 2.jpg]
[storiesinfabric.com/sites/default/files/adamsjq04junedream.jpg]
[www.storiesinfabric.com/content/june-dream.html]
[storiesinfabric.com/sites/default/files/imagecache/shrink/Tie Study 4.jpg]
[storiesinfabric.com/sites/default/files/adamsjq04Septpals.jpg]
[www.storiesinfabric.com/content/september-pals.html]
[storiesinfabric.com/sites/default/files/imagecache/shrink/Tie Study 5.jpg]
[storiesinfabric.com/sites/default/files/adamsjq04dechome.jpg]
[www.storiesinfabric.com/content/december-home.html]
[storiesinfabric.com/sites/default/files/imagecache/shrink/Moonlight.jpg]
[storiesinfabric.com/sites/default/files/Tie Study 1.jpg]
[www.storiesinfabric.com/content/tie-study-1.html]
[storiesinfabric.com/sites/default/files/imagecache/shrink/Time with a Friend.jpg]
[storiesinfabric.com/sites/default/files/Tie Study 2.jpg]
[www.storiesinfabric.com/content/tie-study-2.html]
[storiesinfabric.com/sites/default/files/imagecache/shrink/Honeymoon Cottage.jpg]
[storiesinfabric.com/sites/default/files/imagecache/shrink/Dressed for Spring.jpg]
[storiesinfabric.com/sites/default/files/Tie Study 3.jpg]
[www.storiesinfabric.com/content/tie-study-3.html]
[storiesinfabric.com/sites/default/files/imagecache/shrink/Whispered Secrets.jpg]
[storiesinfabric.com/sites/default/files/imagecache/shrink/Creative Spark.jpg]
[storiesinfabric.com/sites/default/files/Tie Study 4.jpg]
[www.storiesinfabric.com/content/tie-study-4.html]
[storiesinfabric.com/sites/default/files/imagecache/shrink/Mystery of Life.jpg]
[storiesinfabric.com/sites/default/files/Tie Study 5.jpg]
[www.storiesinfabric.com/content/tie-study-5.html]
[storiesinfabric.com/sites/default/files/imagecache/shrink/Mystery of Life 2.jpg]
[storiesinfabric.com/sites/default/files/imagecache/shrink/Alices Washington.jpg]
[storiesinfabric.com/sites/default/files/Lazy Summer Day.jpg]
[www.storiesinfabric.com/content/lazy-summer-day.html]
[storiesinfabric.com/sites/default/files/imagecache/shrink/Taxed for Time.jpg]
[storiesinfabric.com/sites/default/files/imagecache/shrink/Tea for Few.jpg]
[storiesinfabric.com/sites/default/files/Moonlight.jpg]
[www.storiesinfabric.com/content/moonlight.html]
[storiesinfabric.com/sites/default/files/imagecache/shrink/Through the Looking Glass.jpg]
[storiesinfabric.com/sites/default/files/Time with a Friend.jpg]
[www.storiesinfabric.com/content/time-friend.html]
[www.storiesinfabric.com/content/honeymoon-cottage.html]
[www.storiesinfabric.com/content/dressed-spring.html]
[www.storiesinfabric.com/content/whispered-secrets.html]
[www.storiesinfabric.com/content/creative-spark.html]
[www.storiesinfabric.com/content/mystery-life.html]
[www.storiesinfabric.com/content/mystery-life-2.html]
[www.storiesinfabric.com/content/alices-washington.html]
[www.storiesinfabric.com/content/taxed-time.html]
[www.storiesinfabric.com/content/tea-few.html]
[www.storiesinfabric.com/content/through-looking-glass.html]
[www.storiesinfabric.com/content/teapot-gnomes.html]
[storiesinfabric.com/sites/default/files/imagecache/shrink/Teapot Gnomes.jpg]
[www.storiesinfabric.com/content/caucus-race.html]
[storiesinfabric.com/sites/default/files/imagecache/shrink/The Caucas Race.jpg]
[www.storiesinfabric.com/content/reflection.html]
[storiesinfabric.com/sites/default/files/imagecache/shrink/Reflection.jpg]
[www.storiesinfabric.com/content/celebration.html]
[storiesinfabric.com/sites/default/files/imagecache/shrink/Celebration.jpg]
[www.storiesinfabric.com/content/georgetown-square.html]
[storiesinfabric.com/sites/default/files/imagecache/shrink/Georgetown Square.jpg]
[www.storiesinfabric.com/content/butterflies-dont-live-here.html]
[storiesinfabric.com/sites/default/files/imagecache/shrink/Butterflies...jpg]
[www.storiesinfabric.com/content/rejoice.html]
[storiesinfabric.com/sites/default/files/imagecache/shrink/Rejoice.jpg]
[www.storiesinfabric.com/content/games-people-play.html]
[storiesinfabric.com/sites/default/files/imagecache/shrink/Games People Play.jpg]
[www.storiesinfabric.com/content/home-where-one-starts-4.html]
[storiesinfabric.com/sites/default/files/imagecache/shrink/Home Is Where One Starts From 4.jpg]
[www.storiesinfabric.com/content/color-waltz.html]
[storiesinfabric.com/sites/default/files/imagecache/shrink/Color Waltz.jpg]
[www.storiesinfabric.com/content/landow-presents.html]
[storiesinfabric.com/sites/default/files/imagecache/shrink/Landow Presents.jpg]
[www.storiesinfabric.com/content/washington-d-c.html]
[storiesinfabric.com/sites/default/files/imagecache/shrink/Washington D. C..jpg]
[www.storiesinfabric.com/content/new-york.html]
[storiesinfabric.com/sites/default/files/imagecache/shrink/New York.jpg]
[www.storiesinfabric.com/content/london.html]
[storiesinfabric.com/sites/default/files/imagecache/shrink/London.jpg]
[www.storiesinfabric.com/content/home-where-one-starts.html]
[storiesinfabric.com/sites/default/files/imagecache/shrink/Home Is Where One Starts From.jpg]
[www.storiesinfabric.com/content/home-sweet-home.html]
[storiesinfabric.com/sites/default/files/imagecache/shrink/Home Sweet Home.jpg]
[www.storiesinfabric.com/content/friends-tied-pink.html]
[storiesinfabric.com/sites/default/files/imagecache/shrink/Friends Tied with Pink.jpg]
[www.storiesinfabric.com/content/green-mansions.html]
[storiesinfabric.com/sites/default/files/imagecache/shrink/Green Mansions.jpg]
[www.storiesinfabric.com/content/home-where-one-starts-2.html]
[storiesinfabric.com/sites/default/files/imagecache/shrink/Home Is Where One Starts From open.jpg]
[www.storiesinfabric.com/content/home-where-one-starts-2-closed.html]
[storiesinfabric.com/sites/default/files/imagecache/shrink/Home Is Where One Starts From closed.jpg]
[www.storiesinfabric.com/content/view-home.html]
[storiesinfabric.com/sites/default/files/imagecache/shrink/View from Home.jpg]
[www.storiesinfabric.com/content/celebration-story.html]
[storiesinfabric.com/sites/default/files/imagecache/shrink/Celebration-A Story.jpg]
[www.storiesinfabric.com/content/home-ties.html]
[storiesinfabric.com/sites/default/files/imagecache/shrink/Home Ties.jpg]
[www.storiesinfabric.com/content/home-ties-open.html]
[storiesinfabric.com/sites/default/files/imagecache/shrink/Home Ties open.jpg]
[www.storiesinfabric.com/content/home-ties-back.html]
[storiesinfabric.com/sites/default/files/imagecache/shrink/Home Ties back.jpg]
[www.storiesinfabric.com/content/hearth-and-home.html]
[storiesinfabric.com/sites/default/files/imagecache/shrink/Hearth-Home_0.jpg]
[www.storiesinfabric.com/content/charcoal-burner.html]
[storiesinfabric.com/sites/default/files/imagecache/shrink/The Charcoal Burner.jpg]
[www.storiesinfabric.com/content/home-where-one-starts-3.html]
[storiesinfabric.com/sites/default/files/imagecache/shrink/Home Is Where One Starts From 3.jpg]
[storiesinfabric.com/sites/default/files/Class1.jpg]
[storiesinfabric.com/sites/default/files/class2_2.jpg]
[storiesinfabric.com/sites/default/files/class4.jpg]
[storiesinfabric.com/sites/default/files/class6.jpg]
[storiesinfabric.com/sites/default/files/class3.jpg]
[storiesinfabric.com/sites/default/files/Exuberance.jpg]
[storiesinfabric.com/sites/default/files/Midsummer's Nightdress.jpg]
[storiesinfabric.com/sites/default/files/Firelight.jpg]
[storiesinfabric.com/sites/default/files/Shades of Diversity_0.jpg]
[storiesinfabric.com/sites/default/files/imagecache/shrink/Tie Study 3.jpg]
[storiesinfabric.com/sites/default/files/imagecache/shrink/Lazy Summer Day.jpg]
[storiesinfabric.com/sites/default/files/Honeymoon Cottage.html]
[storiesinfabric.com/sites/default/files/Dressed for Spring.html]
[storiesinfabric.com/sites/default/files/Whispered Secrets.html]
[storiesinfabric.com/sites/default/files/Creative Spark.html]
[storiesinfabric.com/sites/default/files/Mystery of Life.html]
[storiesinfabric.com/sites/default/files/Mystery of Life 2.html]
[storiesinfabric.com/sites/default/files/Alices Washington.html]
[storiesinfabric.com/sites/default/files/Taxed for Time.html]
[storiesinfabric.com/sites/default/files/Tea for Few.html]
[storiesinfabric.com/sites/default/files/Through the Looking Glass.html]
[storiesinfabric.com/sites/default/files/Teapot Gnomes.html]
[storiesinfabric.com/sites/default/files/The Caucas Race.html]
[storiesinfabric.com/sites/default/files/Reflection.html]
[storiesinfabric.com/sites/default/files/Celebration.html]
[storiesinfabric.com/sites/default/files/Georgetown Square.html]
[storiesinfabric.com/sites/default/files/Butterflies...html]
[storiesinfabric.com/sites/default/files/Rejoice.html]
[storiesinfabric.com/sites/default/files/Games People Play.html]
[storiesinfabric.com/sites/default/files/Home Is Where One Starts From 4.html]
[storiesinfabric.com/sites/default/files/Color Waltz.html]
[storiesinfabric.com/sites/default/files/Landow Presents.html]
[storiesinfabric.com/sites/default/files/Washington D. C..html]
[storiesinfabric.com/sites/default/files/New York.html]
[storiesinfabric.com/sites/default/files/London.html]
[storiesinfabric.com/sites/default/files/Home Is Where One Starts From.html]
[storiesinfabric.com/sites/default/files/Home Sweet Home.html]
[storiesinfabric.com/sites/default/files/Friends Tied with Pink.html]
[storiesinfabric.com/sites/default/files/Green Mansions.html]
[storiesinfabric.com/sites/default/files/Home Is Where One Starts From open.html]
[storiesinfabric.com/sites/default/files/Home Is Where One Starts From closed.html]
[storiesinfabric.com/sites/default/files/View from Home.html]
[storiesinfabric.com/sites/default/files/Celebration-A Story.html]
[storiesinfabric.com/sites/default/files/Home Ties.html]
[storiesinfabric.com/sites/default/files/Home Ties open.html]
[storiesinfabric.com/sites/default/files/Home Ties back.html]
[storiesinfabric.com/sites/default/files/Hearth-Home_0.html]
[storiesinfabric.com/sites/default/files/The Charcoal Burner.html]
[storiesinfabric.com/sites/default/files/Home Is Where One Starts From 3.html]
